Archive member included to satisfy reference by file (symbol)

c:/program files (x86)/atmel/studio/7.0/toolchain/avr8/avr8-gnu-toolchain/bin/../lib/gcc/avr/5.4.0/../../../../avr/lib/avr6\libm.a(addsf3.o)
                              grbl/motion_control.o (__subsf3)
c:/program files (x86)/atmel/studio/7.0/toolchain/avr8/avr8-gnu-toolchain/bin/../lib/gcc/avr/5.4.0/../../../../avr/lib/avr6\libm.a(addsf3x.o)
                              c:/program files (x86)/atmel/studio/7.0/toolchain/avr8/avr8-gnu-toolchain/bin/../lib/gcc/avr/5.4.0/../../../../avr/lib/avr6\libm.a(addsf3.o) (__addsf3x)
c:/program files (x86)/atmel/studio/7.0/toolchain/avr8/avr8-gnu-toolchain/bin/../lib/gcc/avr/5.4.0/../../../../avr/lib/avr6\libm.a(atan2.o)
                              grbl/motion_control.o (atan2)
c:/program files (x86)/atmel/studio/7.0/toolchain/avr8/avr8-gnu-toolchain/bin/../lib/gcc/avr/5.4.0/../../../../avr/lib/avr6\libm.a(atan.o)
                              c:/program files (x86)/atmel/studio/7.0/toolchain/avr8/avr8-gnu-toolchain/bin/../lib/gcc/avr/5.4.0/../../../../avr/lib/avr6\libm.a(atan2.o) (atan)
c:/program files (x86)/atmel/studio/7.0/toolchain/avr8/avr8-gnu-toolchain/bin/../lib/gcc/avr/5.4.0/../../../../avr/lib/avr6\libm.a(ceil.o)
                              grbl/stepper.o (ceil)
c:/program files (x86)/atmel/studio/7.0/toolchain/avr8/avr8-gnu-toolchain/bin/../lib/gcc/avr/5.4.0/../../../../avr/lib/avr6\libm.a(cmpsf2.o)
                              grbl/gcode.o (__eqsf2)
c:/program files (x86)/atmel/studio/7.0/toolchain/avr8/avr8-gnu-toolchain/bin/../lib/gcc/avr/5.4.0/../../../../avr/lib/avr6\libm.a(cos.o)
                              grbl/motion_control.o (cos)
c:/program files (x86)/atmel/studio/7.0/toolchain/avr8/avr8-gnu-toolchain/bin/../lib/gcc/avr/5.4.0/../../../../avr/lib/avr6\libm.a(divsf3.o)
                              grbl/motion_control.o (__divsf3)
c:/program files (x86)/atmel/studio/7.0/toolchain/avr8/avr8-gnu-toolchain/bin/../lib/gcc/avr/5.4.0/../../../../avr/lib/avr6\libm.a(divsf3x.o)
                              c:/program files (x86)/atmel/studio/7.0/toolchain/avr8/avr8-gnu-toolchain/bin/../lib/gcc/avr/5.4.0/../../../../avr/lib/avr6\libm.a(divsf3.o) (__divsf3x)
c:/program files (x86)/atmel/studio/7.0/toolchain/avr8/avr8-gnu-toolchain/bin/../lib/gcc/avr/5.4.0/../../../../avr/lib/avr6\libm.a(fixsfsi.o)
                              grbl/gcode.o (__fixsfsi)
c:/program files (x86)/atmel/studio/7.0/toolchain/avr8/avr8-gnu-toolchain/bin/../lib/gcc/avr/5.4.0/../../../../avr/lib/avr6\libm.a(fixunssfsi.o)
                              grbl/motion_control.o (__fixunssfsi)
c:/program files (x86)/atmel/studio/7.0/toolchain/avr8/avr8-gnu-toolchain/bin/../lib/gcc/avr/5.4.0/../../../../avr/lib/avr6\libm.a(floatsisf.o)
                              grbl/motion_control.o (__floatunsisf)
c:/program files (x86)/atmel/studio/7.0/toolchain/avr8/avr8-gnu-toolchain/bin/../lib/gcc/avr/5.4.0/../../../../avr/lib/avr6\libm.a(floor.o)
                              grbl/motion_control.o (floor)
c:/program files (x86)/atmel/studio/7.0/toolchain/avr8/avr8-gnu-toolchain/bin/../lib/gcc/avr/5.4.0/../../../../avr/lib/avr6\libm.a(fp_cmp.o)
                              c:/program files (x86)/atmel/studio/7.0/toolchain/avr8/avr8-gnu-toolchain/bin/../lib/gcc/avr/5.4.0/../../../../avr/lib/avr6\libm.a(cmpsf2.o) (__fp_cmp)
c:/program files (x86)/atmel/studio/7.0/toolchain/avr8/avr8-gnu-toolchain/bin/../lib/gcc/avr/5.4.0/../../../../avr/lib/avr6\libm.a(fp_inf.o)
                              c:/program files (x86)/atmel/studio/7.0/toolchain/avr8/avr8-gnu-toolchain/bin/../lib/gcc/avr/5.4.0/../../../../avr/lib/avr6\libm.a(addsf3x.o) (__fp_inf)
c:/program files (x86)/atmel/studio/7.0/toolchain/avr8/avr8-gnu-toolchain/bin/../lib/gcc/avr/5.4.0/../../../../avr/lib/avr6\libm.a(fp_mintl.o)
                              c:/program files (x86)/atmel/studio/7.0/toolchain/avr8/avr8-gnu-toolchain/bin/../lib/gcc/avr/5.4.0/../../../../avr/lib/avr6\libm.a(ceil.o) (__fp_mintl)
c:/program files (x86)/atmel/studio/7.0/toolchain/avr8/avr8-gnu-toolchain/bin/../lib/gcc/avr/5.4.0/../../../../avr/lib/avr6\libm.a(fp_mpack.o)
                              c:/program files (x86)/atmel/studio/7.0/toolchain/avr8/avr8-gnu-toolchain/bin/../lib/gcc/avr/5.4.0/../../../../avr/lib/avr6\libm.a(ceil.o) (__fp_mpack)
c:/program files (x86)/atmel/studio/7.0/toolchain/avr8/avr8-gnu-toolchain/bin/../lib/gcc/avr/5.4.0/../../../../avr/lib/avr6\libm.a(fp_nan.o)
                              c:/program files (x86)/atmel/studio/7.0/toolchain/avr8/avr8-gnu-toolchain/bin/../lib/gcc/avr/5.4.0/../../../../avr/lib/avr6\libm.a(addsf3x.o) (__fp_nan)
c:/program files (x86)/atmel/studio/7.0/toolchain/avr8/avr8-gnu-toolchain/bin/../lib/gcc/avr/5.4.0/../../../../avr/lib/avr6\libm.a(fp_powser.o)
                              c:/program files (x86)/atmel/studio/7.0/toolchain/avr8/avr8-gnu-toolchain/bin/../lib/gcc/avr/5.4.0/../../../../avr/lib/avr6\libm.a(atan.o) (__fp_powser)
[...]
Memory Configuration

Name             Origin             Length             Attributes
text             0x00000000         0x00100000         xr
data             0x00800200         0x0000fe00         rw !x
eeprom           0x00810000         0x00010000         rw !x
fuse             0x00820000         0x00000003         rw !x
lock             0x00830000         0x00000400         rw !x
signature        0x00840000         0x00000400         rw !x
user_signatures  0x00850000         0x00000400         rw !x
*default*        0x00000000         0xffffffff

Linker script and memory map

Address of section .data set to 0x800200
LOAD C:/Program Files (x86)/Atmel/Studio/7.0/Packs/atmel/ATmega_DFP/1.2.150/gcc/dev/atmega2560/avr6/crtatmega2560.o
LOAD grbl/timekeeper.o
LOAD grbl/main.o
LOAD grbl/motion_control.o
LOAD grbl/gcode.o
LOAD grbl/spindle_control.o
LOAD grbl/coolant_control.o
LOAD grbl/serial.o
LOAD grbl/protocol.o
LOAD grbl/stepper.o
LOAD grbl/eeprom.o
LOAD grbl/settings.o
LOAD grbl/planner.o
LOAD grbl/nuts_bolts.o
LOAD grbl/limits.o
LOAD grbl/print.o
LOAD grbl/probe.o
LOAD grbl/report.o
LOAD grbl/system.o
LOAD grbl/sleep.o
LOAD grbl/jog.o
START GROUP
LOAD c:/program files (x86)/atmel/studio/7.0/toolchain/avr8/avr8-gnu-toolchain/bin/../lib/gcc/avr/5.4.0/../../../../avr/lib/avr6\libm.a
END GROUP
START GROUP
LOAD c:/program files (x86)/atmel/studio/7.0/toolchain/avr8/avr8-gnu-toolchain/bin/../lib/gcc/avr/5.4.0/avr6\libgcc.a
LOAD c:/program files (x86)/atmel/studio/7.0/toolchain/avr8/avr8-gnu-toolchain/bin/../lib/gcc/avr/5.4.0/../../../../avr/lib/avr6\libm.a
LOAD c:/program files (x86)/atmel/studio/7.0/toolchain/avr8/avr8-gnu-toolchain/bin/../lib/gcc/avr/5.4.0/../../../../avr/lib/avr6\libc.a
LOAD C:/Program Files (x86)/Atmel/Studio/7.0/Packs/atmel/ATmega_DFP/1.2.150/gcc/dev/atmega2560/avr6\libatmega2560.a
END GROUP
                0x00100000                __TEXT_REGION_LENGTH__ = DEFINED (__TEXT_REGION_LENGTH__)?__TEXT_REGION_LENGTH__:0x100000
                0x0000fe00                __DATA_REGION_LENGTH__ = DEFINED (__DATA_REGION_LENGTH__)?__DATA_REGION_LENGTH__:0xfe00
                0x00010000                __EEPROM_REGION_LENGTH__ = DEFINED (__EEPROM_REGION_LENGTH__)?__EEPROM_REGION_LENGTH__:0x10000
                [0x00000003]                __FUSE_REGION_LENGTH__ = DEFINED (__FUSE_REGION_LENGTH__)?__FUSE_REGION_LENGTH__:0x400
                0x00000400                __LOCK_REGION_LENGTH__ = DEFINED (__LOCK_REGION_LENGTH__)?__LOCK_REGION_LENGTH__:0x400
                0x00000400                __SIGNATURE_REGION_LENGTH__ = DEFINED (__SIGNATURE_REGION_LENGTH__)?__SIGNATURE_REGION_LENGTH__:0x400
                0x00000400                __USER_SIGNATURE_REGION_LENGTH__ = DEFINED (__USER_SIGNATURE_REGION_LENGTH__)?__USER_SIGNATURE_REGION_LENGTH__:0x400

.hash
 *(.hash)

.dynsym
 *(.dynsym)

.dynstr
 *(.dynstr)

.gnu.version
 *(.gnu.version)

.gnu.version_d
 *(.gnu.version_d)

.gnu.version_r
 *(.gnu.version_r)

.rel.init
 *(.rel.init)

.rela.init
 *(.rela.init)

.rel.text
 *(.rel.text)
 *(.rel.text.*)
 *(.rel.gnu.linkonce.t*)

.rela.text
 *(.rela.text)
 *(.rela.text.*)
 *(.rela.gnu.linkonce.t*)

.rel.fini
 *(.rel.fini)

.rela.fini
 *(.rela.fini)

.rel.rodata
 *(.rel.rodata)
 *(.rel.rodata.*)
 *(.rel.gnu.linkonce.r*)

.rela.rodata
 *(.rela.rodata)
 *(.rela.rodata.*)
 *(.rela.gnu.linkonce.r*)

.rel.data
 *(.rel.data)
 *(.rel.data.*)
 *(.rel.gnu.linkonce.d*)

.rela.data
 *(.rela.data)
 *(.rela.data.*)
 *(.rela.gnu.linkonce.d*)

.rel.ctors
 *(.rel.ctors)

.rela.ctors
 *(.rela.ctors)

.rel.dtors
 *(.rel.dtors)

.rela.dtors
 *(.rela.dtors)

.rel.got
 *(.rel.got)

.rela.got
 *(.rela.got)

.rel.bss
 *(.rel.bss)

.rela.bss
 *(.rela.bss)

.rel.plt
 *(.rel.plt)

.rela.plt
 *(.rela.plt)

.text           0x00000000     0x8626
 *(.vectors)
 .vectors       0x00000000       0xe4 C:/Program Files (x86)/Atmel/Studio/7.0/Packs/atmel/ATmega_DFP/1.2.150/gcc/dev/atmega2560/avr6/crtatmega2560.o
                0x00000000                __vector_default
                0x00000000                __vectors
 *(.vectors)
 *(.progmem.gcc*)
 .progmem.gcc_sw_table.gc_execute_line
                0x000000e4      0x126 grbl/gcode.o
 .progmem.gcc_sw_table.__vector_25
                0x0000020a       0x3c grbl/serial.o
 .progmem.gcc_sw_table.settings_store_global_setting
                0x00000246       0x42 grbl/settings.o
 .progmem.gcc_sw_table.report_feedback_message
                0x00000288       0x16 grbl/report.o
 .progmem.gcc_fplib
                0x0000029e       0x2d c:/program files (x86)/atmel/studio/7.0/toolchain/avr8/avr8-gnu-toolchain/bin/../lib/gcc/avr/5.4.0/../../../../avr/lib/avr6\libm.a(atan.o)
 .progmem.gcc_fplib
                0x000002cb       0x1e c:/program files (x86)/atmel/studio/7.0/toolchain/avr8/avr8-gnu-toolchain/bin/../lib/gcc/avr/5.4.0/../../../../avr/lib/avr6\libm.a(fp_sinus.o)
                0x000002ea                . = ALIGN (0x2)
 *fill*         0x000002e9        0x1 
                0x000002ea                __trampolines_start = .
 *(.trampolines)
 .trampolines   0x000002ea        0x0 linker stubs
 *(.trampolines*)
                0x000002ea                __trampolines_end = .
 *libprintf_flt.a:*(.progmem.data)
 *libc.a:*(.progmem.data)
 *(.progmem*)
 .progmem.data.defaults
                0x000002ea       0x55 grbl/settings.o
                0x000002ea                defaults
 .progmem.data.__c.2811
                0x0000033f        0x5 grbl/report.o
 .progmem.data.__c.2809
                0x00000344        0x5 grbl/report.o
 .progmem.data.__c.2807
                0x00000349        0x4 grbl/report.o
 .progmem.data.__c.2803
                0x0000034d        0x5 grbl/report.o
 .progmem.data.__c.2801
                0x00000352        0x6 grbl/report.o
 .progmem.data.__c.2799
                0x00000358        0x5 grbl/report.o
 .progmem.data.__c.2794
                0x0000035d        0x5 grbl/report.o
 .progmem.data.__c.2792
                0x00000362        0x5 grbl/report.o
 .progmem.data.__c.2788
                0x00000367        0x5 grbl/report.o
 .progmem.data.__c.2786
                0x0000036c        0x7 grbl/report.o
 .progmem.data.__c.2784
                0x00000373        0x7 grbl/report.o
 .progmem.data.__c.2778
                0x0000037a        0x6 grbl/report.o
 .progmem.data.__c.2775
                0x00000380        0x6 grbl/report.o
 .progmem.data.__c.2772
                0x00000386        0x6 grbl/report.o
 .progmem.data.__c.2769
                0x0000038c        0x6 grbl/report.o
 .progmem.data.__c.2766
                0x00000392        0x5 grbl/report.o
 .progmem.data.__c.2763
                0x00000397        0x4 grbl/report.o
 .progmem.data.__c.2760
                0x0000039b        0x6 grbl/report.o
 .progmem.data.__c.2757
                0x000003a1        0x4 grbl/report.o
 .progmem.data.__c.2753
                0x000003a5        0x5 grbl/report.o
 .progmem.data.__c.2740
                0x000003aa        0x6 grbl/report.o
 .progmem.data.__c.2738
                0x000003b0       0x19 grbl/report.o
 .progmem.data.__c.2729
                0x000003c9        0x3 grbl/report.o
 .progmem.data.__c.2570
                0x000003cc        0x3 grbl/report.o
 .progmem.data.__c.2566
                0x000003cf        0x3 grbl/report.o
 .progmem.data.__c.2723
                0x000003d2        0x3 grbl/report.o
 .progmem.data.__c.2721
                0x000003d5        0x3 grbl/report.o
 .progmem.data.__c.2719
                0x000003d8        0x3 grbl/report.o
 .progmem.data.__c.2709
                0x000003db        0x4 grbl/report.o
 .progmem.data.__c.2707
                0x000003df        0x6 grbl/report.o
 .progmem.data.__c.2703
                0x000003e5        0x6 grbl/report.o
 .progmem.data.__c.2701
                0x000003eb        0x6 grbl/report.o
 .progmem.data.__c.2695
                0x000003f1        0x3 grbl/report.o
 .progmem.data.__c.2691
                0x000003f4        0x3 grbl/report.o
 .progmem.data.__c.2688
                0x000003f7        0x3 grbl/report.o
 .progmem.data.__c.2681
                0x000003fa        0x6 grbl/report.o
 .progmem.data.__c.2661
                0x00000400       0x4a grbl/report.o
 .progmem.data.__c.2657
                0x0000044a       0x1d grbl/report.o
 .progmem.data.__c.2653
                0x00000467        0x9 grbl/report.o
 .progmem.data.__c.2650
                0x00000470       0x12 grbl/report.o
 .progmem.data.__c.2647
                0x00000482       0x13 grbl/report.o
 .progmem.data.__c.2644
                0x00000495        0x8 grbl/report.o
 .progmem.data.__c.2641
                0x0000049d        0xd grbl/report.o
 .progmem.data.__c.2638
                0x000004aa        0xb grbl/report.o
 .progmem.data.__c.2635
                0x000004b5        0x9 grbl/report.o
 .progmem.data.__c.2632
                0x000004be        0x8 grbl/report.o
 .progmem.data.__c.2629
                0x000004c6       0x12 grbl/report.o
 .progmem.data.__c.2626
                0x000004d8       0x14 grbl/report.o
 .progmem.data.__c.2622
                0x000004ec       0x12 grbl/report.o
 .progmem.data.__c.2619
                0x000004fe        0x6 grbl/report.o
 .progmem.data.__c.2614
                0x00000504        0x7 grbl/report.o
 .progmem.data.__c.2612
                0x0000050b        0x6 grbl/report.o
 .progmem.data.__c.2610
                0x00000511        0x6 grbl/report.o
 .progmem.data.__c.2608
                0x00000517        0x6 grbl/report.o
 .progmem.data.__c.2606
                0x0000051d        0x5 grbl/report.o
 .progmem.data.__c.2601
                0x00000522        0x7 grbl/report.o
 .progmem.data.__c.2560
                0x00000529        0x3 grbl/report.o
 .progmem.data.__c.2596
                0x0000052c        0x7 grbl/report.o
 .progmem.data.__c.2592
                0x00000533        0x5 grbl/report.o
                0x00000538                . = ALIGN (0x2)
 *(.jumptables)
 *(.jumptables*)
 *(.lowtext)
 *(.lowtext*)
                0x00000538                __ctors_start = .
 *(.ctors)
                0x00000538                __ctors_end = .
                0x00000538                __dtors_start = .
 *(.dtors)
                0x00000538                __dtors_end = .
 SORT(*)(.ctors)
 SORT(*)(.dtors)
 *(.init0)
 .init0         0x00000538        0x0 C:/Program Files (x86)/Atmel/Studio/7.0/Packs/atmel/ATmega_DFP/1.2.150/gcc/dev/atmega2560/avr6/crtatmega2560.o
                0x00000538                __init
 *(.init0)
 *(.init1)
 *(.init1)
 *(.init2)
 .init2         0x00000538       0x10 C:/Program Files (x86)/Atmel/Studio/7.0/Packs/atmel/ATmega_DFP/1.2.150/gcc/dev/atmega2560/avr6/crtatmega2560.o
 *(.init2)
 *(.init3)
 *(.init3)
 *(.init4)
 .init4         0x00000548       0x10 c:/program files (x86)/atmel/studio/7.0/toolchain/avr8/avr8-gnu-toolchain/bin/../lib/gcc/avr/5.4.0/avr6\libgcc.a(_clear_bss.o)
                0x00000548                __do_clear_bss
 *(.init4)
 *(.init5)
 *(.init5)
 *(.init6)
 *(.init6)
 *(.init7)
 *(.init7)
 *(.init8)
 *(.init8)
 *(.init9)
 .init9         0x00000558        0x6 C:/Program Files (x86)/Atmel/Studio/7.0/Packs/atmel/ATmega_DFP/1.2.150/gcc/dev/atmega2560/avr6/crtatmega2560.o
 *(.init9)
 *(.text)
 .text          0x0000055e        0x2 C:/Program Files (x86)/Atmel/Studio/7.0/Packs/atmel/ATmega_DFP/1.2.150/gcc/dev/atmega2560/avr6/crtatmega2560.o
                0x0000055e                __vector_38
                0x0000055e                __vector_22
                0x0000055e                __vector_28
                0x0000055e                __vector_1
                0x0000055e                __vector_32
                0x0000055e                __vector_34
                0x0000055e                __vector_24
                0x0000055e                __vector_55
                0x0000055e                __vector_46
                0x0000055e                __bad_interrupt
                0x0000055e                __vector_6
                0x0000055e                __vector_31
                0x0000055e                __vector_39
                0x0000055e                __vector_3
                0x0000055e                __vector_30
                0x0000055e                __vector_45
                0x0000055e                __vector_54
                0x0000055e                __vector_13
                0x0000055e                __vector_19
                0x0000055e                __vector_56
                0x0000055e                __vector_7
                0x0000055e                __vector_49
                0x0000055e                __vector_41
                0x0000055e                __vector_43
                0x0000055e                __vector_27
                0x0000055e                __vector_5
                0x0000055e                __vector_33
                0x0000055e                __vector_47
                0x0000055e                __vector_52
                0x0000055e                __vector_37
                0x0000055e                __vector_4
                0x0000055e                __vector_44
                0x0000055e                __vector_51
                0x0000055e                __vector_2
                0x0000055e                __vector_21
                0x0000055e                __vector_15
                0x0000055e                __vector_36
                0x0000055e                __vector_29
                0x0000055e                __vector_40
                0x0000055e                __vector_8
                0x0000055e                __vector_48
                0x0000055e                __vector_14
                0x0000055e                __vector_53
                0x0000055e                __vector_10
                0x0000055e                __vector_16
                0x0000055e                __vector_18
                0x0000055e                __vector_20
                0x0000055e                __vector_42
                0x00000560                . = ALIGN (0x2)
 *(.text.*)
 .text.__vector_50
                0x00000560       0x4a grbl/timekeeper.o
                0x00000560                __vector_50
 .text.timekeeper_reset
                0x000005aa       0x1a grbl/timekeeper.o
                0x000005aa                timekeeper_reset
 .text.timekeeper_init
                0x000005c4       0x24 grbl/timekeeper.o
                0x000005c4                timekeeper_init
 .text.get_timer_ticks
                0x000005e8       0x2c grbl/timekeeper.o
                0x000005e8                get_timer_ticks
 .text.main     0x00000614       0xba grbl/main.o
                0x00000614                main
 .text.mc_line  0x000006ce       0x82 grbl/motion_control.o
                0x000006ce                mc_line
 .text.mc_arc   0x00000750      0x5be grbl/motion_control.o
                0x00000750                mc_arc
 .text.mc_dwell
                0x00000d0e       0x2c grbl/motion_control.o
                0x00000d0e                mc_dwell
 .text.mc_homing_cycle
                0x00000d3a       0x3a grbl/motion_control.o
                0x00000d3a                mc_homing_cycle
 .text.mc_probe_cycle
                0x00000d74       0xea grbl/motion_control.o
                0x00000d74                mc_probe_cycle
 .text.mc_reset
                0x00000e5e       0x48 grbl/motion_control.o
                0x00000e5e                mc_reset
 .text.gc_init  0x00000ea6       0x24 grbl/gcode.o
                0x00000ea6                gc_init
 .text.gc_sync_position
                0x00000eca        0xe grbl/gcode.o
                0x00000eca                gc_sync_position
 .text.gc_execute_line
                0x00000ed8     0x1610 grbl/gcode.o
                0x00000ed8                gc_execute_line
 .text.spindle_get_state
                0x000024e8       0x24 grbl/spindle_control.o
                0x000024e8                spindle_get_state
 .text.spindle_stop
                0x0000250c       0x16 grbl/spindle_control.o
                0x0000250c                spindle_stop
 .text.spindle_init
                0x00002522       0x72 grbl/spindle_control.o
                0x00002522                spindle_init
 .text.spindle_set_speed
                0x00002594       0x24 grbl/spindle_control.o
                0x00002594                spindle_set_speed
 .text.spindle_compute_pwm_value
                0x000025b8      0x142 grbl/spindle_control.o
                0x000025b8                spindle_compute_pwm_value
 .text.spindle_set_state
                0x000026fa       0x54 grbl/spindle_control.o
                0x000026fa                spindle_set_state
 .text.spindle_sync
                0x0000274e       0x2e grbl/spindle_control.o
                0x0000274e                spindle_sync
 .text.coolant_get_state
                0x0000277c       0x18 grbl/coolant_control.o
                0x0000277c                coolant_get_state
 .text.coolant_stop
                0x00002794       0x12 grbl/coolant_control.o
                0x00002794                coolant_stop
 .text.coolant_init
                0x000027a6       0x14 grbl/coolant_control.o
                0x000027a6                coolant_init
 .text.coolant_set_state
                0x000027ba       0x42 grbl/coolant_control.o
                0x000027ba                coolant_set_state
 .text.coolant_sync
                0x000027fc       0x16 grbl/coolant_control.o
                0x000027fc                coolant_sync
 .text.serial_get_rx_buffer_available
                0x00002812       0x1a grbl/serial.o
                0x00002812                serial_get_rx_buffer_available
 .text.serial_init
                0x0000282c       0x20 grbl/serial.o
                0x0000282c                serial_init
 .text.serial_write
                0x0000284c       0x32 grbl/serial.o
                0x0000284c                serial_write
 .text.__vector_26
                0x0000287e       0x56 grbl/serial.o
                0x0000287e                __vector_26
 .text.serial_read
                0x000028d4       0x22 grbl/serial.o
                0x000028d4                serial_read
 .text.__vector_25
                0x000028f6      0x16e grbl/serial.o
                0x000028f6                __vector_25
 .text.serial_reset_read_buffer
                0x00002a64        0xa grbl/serial.o
                0x00002a64                serial_reset_read_buffer
 .text.protocol_auto_cycle_start
                0x00002a6e       0x10 grbl/protocol.o
                0x00002a6e                protocol_auto_cycle_start
 .text.protocol_exec_rt_system
                0x00002a7e      0x44e grbl/protocol.o
                0x00002a7e                protocol_exec_rt_system
 .text.protocol_execute_realtime
                0x00002ecc      0x22a grbl/protocol.o
                0x00002ecc                protocol_execute_realtime
 .text.protocol_main_loop
                0x000030f6      0x166 grbl/protocol.o
                0x000030f6                protocol_main_loop
 .text.protocol_buffer_synchronize
                0x0000325c       0x26 grbl/protocol.o
                0x0000325c                protocol_buffer_synchronize
 .text.st_wake_up
                0x00003282       0x30 grbl/stepper.o
                0x00003282                st_wake_up
 .text.st_go_idle
                0x000032b2       0x5c grbl/stepper.o
                0x000032b2                st_go_idle
 .text.__vector_17
                0x0000330e      0x3fc grbl/stepper.o
                0x0000330e                __vector_17
 .text.__vector_23
                0x0000370a       0x2c grbl/stepper.o
                0x0000370a                __vector_23
 .text.st_generate_step_dir_invert_masks
                0x00003736       0x80 grbl/stepper.o
                0x00003736                st_generate_step_dir_invert_masks
 .text.st_reset
                0x000037b6       0x62 grbl/stepper.o
                0x000037b6                st_reset
 .text.stepper_init
                0x00003818       0x44 grbl/stepper.o
                0x00003818                stepper_init
 .text.st_update_plan_block_parameters
                0x0000385c       0x40 grbl/stepper.o
                0x0000385c                st_update_plan_block_parameters
 .text.st_prep_buffer
                0x0000389c     0x1092 grbl/stepper.o
                0x0000389c                st_prep_buffer
 .text.st_get_realtime_rate
                0x0000492e       0x22 grbl/stepper.o
                0x0000492e                st_get_realtime_rate
 .text.eeprom_get_char
                0x00004950       0x10 grbl/eeprom.o
                0x00004950                eeprom_get_char
 .text.eeprom_put_char
                0x00004960       0x3e grbl/eeprom.o
                0x00004960                eeprom_put_char
 .text.memcpy_to_eeprom_with_checksum
                0x0000499e       0x86 grbl/eeprom.o
                0x0000499e                memcpy_to_eeprom_with_checksum
 .text.memcpy_from_eeprom_with_checksum
                0x00004a24       0x92 grbl/eeprom.o
                0x00004a24                memcpy_from_eeprom_with_checksum
 .text.settings_store_startup_line
                0x00004ab6       0x2e grbl/settings.o
                0x00004ab6                settings_store_startup_line
 .text.settings_store_build_info
                0x00004ae4        0xe grbl/settings.o
                0x00004ae4                settings_store_build_info
 .text.settings_write_coord_data
                0x00004af2       0x28 grbl/settings.o
                0x00004af2                settings_write_coord_data
 .text.write_global_settings
                0x00004b1a       0x18 grbl/settings.o
                0x00004b1a                write_global_settings
 .text.settings_restore
                0x00004b32       0xa4 grbl/settings.o
                0x00004b32                settings_restore
 .text.settings_read_startup_line
                0x00004bd6       0x3c grbl/settings.o
                0x00004bd6                settings_read_startup_line
 .text.settings_read_build_info
                0x00004c12       0x26 grbl/settings.o
                0x00004c12                settings_read_build_info
 .text.settings_read_coord_data
                0x00004c38       0x3e grbl/settings.o
                0x00004c38                settings_read_coord_data
 .text.read_global_settings
                0x00004c76       0x28 grbl/settings.o
                0x00004c76                read_global_settings
 .text.settings_store_global_setting
                0x00004c9e      0x2f2 grbl/settings.o
                0x00004c9e                settings_store_global_setting
 .text.settings_init
                0x00004f90       0x16 grbl/settings.o
                0x00004f90                settings_init
 .text.get_step_pin_mask
                0x00004fa6       0x14 grbl/settings.o
                0x00004fa6                get_step_pin_mask
 .text.get_direction_pin_mask
                0x00004fba       0x14 grbl/settings.o
                0x00004fba                get_direction_pin_mask
 .text.get_limit_pin_mask
                0x00004fce       0x14 grbl/settings.o
                0x00004fce                get_limit_pin_mask
 .text.planner_recalculate
                0x00004fe2      0x2cc grbl/planner.o
 .text.plan_reset_buffer
                0x000052ae       0x14 grbl/planner.o
                0x000052ae                plan_reset_buffer
 .text.plan_reset
                0x000052c2       0x12 grbl/planner.o
                0x000052c2                plan_reset
 .text.plan_discard_current_block
                0x000052d4       0x28 grbl/planner.o
                0x000052d4                plan_discard_current_block
 .text.plan_get_system_motion_block
                0x000052fc       0x12 grbl/planner.o
                0x000052fc                plan_get_system_motion_block
 .text.plan_get_current_block
                0x0000530e       0x20 grbl/planner.o
                0x0000530e                plan_get_current_block
 .text.plan_get_exec_block_exit_speed_sqr
                0x0000532e       0x32 grbl/planner.o
                0x0000532e                plan_get_exec_block_exit_speed_sqr
 .text.plan_check_full_buffer
                0x00005360       0x10 grbl/planner.o
                0x00005360                plan_check_full_buffer
 .text.plan_compute_profile_nominal_speed
                0x00005370       0xfa grbl/planner.o
                0x00005370                plan_compute_profile_nominal_speed
 .text.plan_update_velocity_profile_parameters
                0x0000546a      0x172 grbl/planner.o
                0x0000546a                plan_update_velocity_profile_parameters
 .text.plan_buffer_line
                0x000055dc      0x636 grbl/planner.o
                0x000055dc                plan_buffer_line
 .text.plan_sync_position
                0x00005c12       0x24 grbl/planner.o
                0x00005c12                plan_sync_position
 .text.plan_get_block_buffer_available
                0x00005c36       0x18 grbl/planner.o
                0x00005c36                plan_get_block_buffer_available
 .text.plan_cycle_reinitialize
                0x00005c4e       0x10 grbl/planner.o
                0x00005c4e                plan_cycle_reinitialize
 .text.read_float
                0x00005c5e      0x18c grbl/nuts_bolts.o
                0x00005c5e                read_float
 .text.delay_sec
                0x00005dea       0x7a grbl/nuts_bolts.o
                0x00005dea                delay_sec
 .text.delay_ms
                0x00005e64       0x16 grbl/nuts_bolts.o
                0x00005e64                delay_ms
 .text.hypot_f  0x00005e7a       0x66 grbl/nuts_bolts.o
                0x00005e7a                hypot_f
 .text.convert_delta_vector_to_unit_vector
                0x00005ee0       0xce grbl/nuts_bolts.o
                0x00005ee0                convert_delta_vector_to_unit_vector
 .text.limit_value_by_axis_maximum
                0x00005fae       0xc8 grbl/nuts_bolts.o
                0x00005fae                limit_value_by_axis_maximum
 .text.limits_disable
                0x00006076       0x16 grbl/limits.o
                0x00006076                limits_disable
 .text.limits_init
                0x0000608c       0x42 grbl/limits.o
                0x0000608c                limits_init
 .text.limits_get_state
                0x000060ce       0x86 grbl/limits.o
                0x000060ce                limits_get_state
 .text.__vector_9
                0x00006154       0x3a grbl/limits.o
                0x00006154                __vector_9
 .text.__vector_12
                0x0000618e       0x76 grbl/limits.o
                0x0000618e                __vector_12
 .text.limits_go_home
                0x00006204      0x430 grbl/limits.o
                0x00006204                limits_go_home
 .text.limits_soft_check
                0x00006634       0x46 grbl/limits.o
                0x00006634                limits_soft_check
 .text.printString
                0x0000667a       0x1e grbl/print.o
                0x0000667a                printString
 .text.printPgmString
                0x00006698       0x24 grbl/print.o
                0x00006698                printPgmString
 .text.print_uint8_base10
                0x000066bc       0x7e grbl/print.o
                0x000066bc                print_uint8_base10
 .text.print_uint32_base10
                0x0000673a       0xac grbl/print.o
                0x0000673a                print_uint32_base10
 .text.printInteger
                0x000067e6       0x34 grbl/print.o
                0x000067e6                printInteger
 .text.printFloat
                0x0000681a      0x162 grbl/print.o
                0x0000681a                printFloat
 .text.printFloat_CoordValue
                0x0000697c       0x20 grbl/print.o
                0x0000697c                printFloat_CoordValue
 .text.printFloat_RateValue
                0x0000699c       0x20 grbl/print.o
                0x0000699c                printFloat_RateValue
 .text.probe_configure_invert_mask
                0x000069bc       0x22 grbl/probe.o
                0x000069bc                probe_configure_invert_mask
 .text.probe_init
                0x000069de       0x1a grbl/probe.o
                0x000069de                probe_init
 .text.probe_get_state
                0x000069f8        0xe grbl/probe.o
                0x000069f8                probe_get_state
 .text.probe_state_monitor
                0x00006a06       0x28 grbl/probe.o
                0x00006a06                probe_state_monitor
 .text.report_util_line_feed
                0x00006a2e        0x8 grbl/report.o
 .text.report_util_feedback_line_feed
                0x00006a36        0xa grbl/report.o
 .text.report_util_axis_values
                0x00006a40       0x30 grbl/report.o
 .text.report_util_setting_prefix
                0x00006a70       0x18 grbl/report.o
                0x00006a70                report_util_setting_prefix
 .text.report_util_uint8_setting
                0x00006a88       0x10 grbl/report.o
 .text.report_util_float_setting
                0x00006a98       0x28 grbl/report.o
 .text.report_status_message
                0x00006ac0       0x20 grbl/report.o
                0x00006ac0                report_status_message
 .text.report_alarm_message
                0x00006ae0       0x1a grbl/report.o
                0x00006ae0                report_alarm_message
 .text.report_synchronization_state
                0x00006afa       0xb0 grbl/report.o
                0x00006afa                report_synchronization_state
 .text.report_feedback_message
                0x00006baa       0x80 grbl/report.o
                0x00006baa                report_feedback_message
 .text.report_init_message
                0x00006c2a        0x8 grbl/report.o
                0x00006c2a                report_init_message
 .text.report_grbl_help
                0x00006c32        0x8 grbl/report.o
                0x00006c32                report_grbl_help
 .text.report_grbl_settings
                0x00006c3a      0x204 grbl/report.o
                0x00006c3a                report_grbl_settings
 .text.report_probe_parameters
                0x00006e3e       0x4a grbl/report.o
                0x00006e3e                report_probe_parameters
 .text.report_ngc_parameters
                0x00006e88       0xce grbl/report.o
                0x00006e88                report_ngc_parameters
 .text.report_gcode_modes
                0x00006f56      0x122 grbl/report.o
                0x00006f56                report_gcode_modes
 .text.report_startup_line
                0x00007078       0x28 grbl/report.o
                0x00007078                report_startup_line
 .text.report_execute_startup_message
                0x000070a0       0x26 grbl/report.o
                0x000070a0                report_execute_startup_message
 .text.report_build_info
                0x000070c6       0x5e grbl/report.o
                0x000070c6                report_build_info
 .text.report_realtime_status
                0x00007124      0x404 grbl/report.o
                0x00007124                report_realtime_status
 .text.report_realtime_debug
                0x00007528        0x2 grbl/report.o
                0x00007528                report_realtime_debug
 .text.system_init
                0x0000752a       0x2a grbl/system.o
                0x0000752a                system_init
 .text.system_control_get_state
                0x00007554       0x2c grbl/system.o
                0x00007554                system_control_get_state
 .text.__vector_11
                0x00007580       0x9a grbl/system.o
                0x00007580                __vector_11
 .text.system_check_safety_door_ajar
                0x0000761a        0x6 grbl/system.o
                0x0000761a                system_check_safety_door_ajar
 .text.system_execute_startup
                0x00007620       0x44 grbl/system.o
                0x00007620                system_execute_startup
 .text.system_flag_wco_change
                0x00007664        0xa grbl/system.o
                0x00007664                system_flag_wco_change
 .text.system_convert_axis_steps_to_mpos
                0x0000766e       0x34 grbl/system.o
                0x0000766e                system_convert_axis_steps_to_mpos
 .text.system_convert_array_steps_to_mpos
                0x000076a2       0x34 grbl/system.o
                0x000076a2                system_convert_array_steps_to_mpos
 .text.system_check_travel_limits
                0x000076d6       0xca grbl/system.o
                0x000076d6                system_check_travel_limits
 .text.system_set_exec_state_flag
                0x000077a0       0x12 grbl/system.o
                0x000077a0                system_set_exec_state_flag
 .text.system_execute_line
                0x000077b2      0x4aa grbl/system.o
                0x000077b2                system_execute_line
 .text.system_clear_exec_state_flag
                0x00007c5c       0x14 grbl/system.o
                0x00007c5c                system_clear_exec_state_flag
 .text.system_set_exec_alarm
                0x00007c70        0xc grbl/system.o
                0x00007c70                system_set_exec_alarm
 .text.system_clear_exec_alarm
                0x00007c7c        0xc grbl/system.o
                0x00007c7c                system_clear_exec_alarm
 .text.system_set_exec_motion_override_flag
                0x00007c88       0x12 grbl/system.o
                0x00007c88                system_set_exec_motion_override_flag
 .text.system_set_exec_accessory_override_flag
                0x00007c9a       0x12 grbl/system.o
                0x00007c9a                system_set_exec_accessory_override_flag
 .text.system_clear_exec_motion_overrides
                0x00007cac        0xc grbl/system.o
                0x00007cac                system_clear_exec_motion_overrides
 .text.system_clear_exec_accessory_overrides
                0x00007cb8        0xc grbl/system.o
                0x00007cb8                system_clear_exec_accessory_overrides
 .text.sleep_init
                0x00007cc4       0x24 grbl/sleep.o
                0x00007cc4                sleep_init
 .text.__vector_35
                0x00007ce8       0x22 grbl/sleep.o
                0x00007ce8                __vector_35
 .text.jog_execute
                0x00007d0a       0x82 grbl/jog.o
                0x00007d0a                jog_execute
 .text.avr-libc.fplib
                0x00007d8c        0xa c:/program files (x86)/atmel/studio/7.0/toolchain/avr8/avr8-gnu-toolchain/bin/../lib/gcc/avr/5.4.0/../../../../avr/lib/avr6\libm.a(addsf3.o)
                0x00007d8c                __subsf3
                0x00007d8e                __addsf3
 .text.avr-libc.fplib
                0x00007d96       0xc0 c:/program files (x86)/atmel/studio/7.0/toolchain/avr8/avr8-gnu-toolchain/bin/../lib/gcc/avr/5.4.0/../../../../avr/lib/avr6\libm.a(addsf3x.o)
                0x00007db0                __addsf3x
 .text.avr-libc.fplib
                0x00007e56       0x74 c:/program files (x86)/atmel/studio/7.0/toolchain/avr8/avr8-gnu-toolchain/bin/../lib/gcc/avr/5.4.0/../../../../avr/lib/avr6\libm.a(atan2.o)
                0x00007e74                atan2
 .text.avr-libc.fplib
                0x00007eca       0x50 c:/program files (x86)/atmel/studio/7.0/toolchain/avr8/avr8-gnu-toolchain/bin/../lib/gcc/avr/5.4.0/../../../../avr/lib/avr6\libm.a(atan.o)
                0x00007eca                atan
 .text.avr-libc.fplib
                0x00007f1a       0x26 c:/program files (x86)/atmel/studio/7.0/toolchain/avr8/avr8-gnu-toolchain/bin/../lib/gcc/avr/5.4.0/../../../../avr/lib/avr6\libm.a(ceil.o)
                0x00007f1a                ceil
 .text.avr-libc.fplib
                0x00007f40        0x8 c:/program files (x86)/atmel/studio/7.0/toolchain/avr8/avr8-gnu-toolchain/bin/../lib/gcc/avr/5.4.0/../../../../avr/lib/avr6\libm.a(cmpsf2.o)
                0x00007f40                __nesf2
                0x00007f40                __eqsf2
                0x00007f40                __cmpsf2
                0x00007f40                __ltsf2
                0x00007f40                __lesf2
 .text.avr-libc.fplib
                0x00007f48        0x6 c:/program files (x86)/atmel/studio/7.0/toolchain/avr8/avr8-gnu-toolchain/bin/../lib/gcc/avr/5.4.0/../../../../avr/lib/avr6\libm.a(cos.o)
                0x00007f48                cos
 .text.avr-libc.fplib
                0x00007f4e        0x4 c:/program files (x86)/atmel/studio/7.0/toolchain/avr8/avr8-gnu-toolchain/bin/../lib/gcc/avr/5.4.0/../../../../avr/lib/avr6\libm.a(divsf3.o)
                0x00007f4e                __divsf3
 .text.avr-libc.fplib
                0x00007f52       0xcc c:/program files (x86)/atmel/studio/7.0/toolchain/avr8/avr8-gnu-toolchain/bin/../lib/gcc/avr/5.4.0/../../../../avr/lib/avr6\libm.a(divsf3x.o)
                0x00007f68                __divsf3x
                0x00007f6c                __divsf3_pse
 .text.avr-libc.fplib
                0x0000801e        0xa c:/program files (x86)/atmel/studio/7.0/toolchain/avr8/avr8-gnu-toolchain/bin/../lib/gcc/avr/5.4.0/../../../../avr/lib/avr6\libm.a(fixsfsi.o)
                0x0000801e                __fixsfsi
 .text.avr-libc.fplib
                0x00008028       0x58 c:/program files (x86)/atmel/studio/7.0/toolchain/avr8/avr8-gnu-toolchain/bin/../lib/gcc/avr/5.4.0/../../../../avr/lib/avr6\libm.a(fixunssfsi.o)
                0x00008028                __fixunssfsi
 .text.avr-libc.fplib
                0x00008080       0x7a c:/program files (x86)/atmel/studio/7.0/toolchain/avr8/avr8-gnu-toolchain/bin/../lib/gcc/avr/5.4.0/../../../../avr/lib/avr6\libm.a(floatsisf.o)
                0x00008080                __floatunsisf
                0x00008084                __floatsisf
 .text.avr-libc.fplib
                0x000080fa       0x26 c:/program files (x86)/atmel/studio/7.0/toolchain/avr8/avr8-gnu-toolchain/bin/../lib/gcc/avr/5.4.0/../../../../avr/lib/avr6\libm.a(floor.o)
                0x000080fa                floor
 .text.avr-libc.fplib
                0x00008120       0x48 c:/program files (x86)/atmel/studio/7.0/toolchain/avr8/avr8-gnu-toolchain/bin/../lib/gcc/avr/5.4.0/../../../../avr/lib/avr6\libm.a(fp_cmp.o)
                0x00008120                __fp_cmp
 .text.avr-libc.fplib
                0x00008168        0xc c:/program files (x86)/atmel/studio/7.0/toolchain/avr8/avr8-gnu-toolchain/bin/../lib/gcc/avr/5.4.0/../../../../avr/lib/avr6\libm.a(fp_inf.o)
                0x00008168                __fp_inf
 .text.avr-libc.fplib
                0x00008174       0x36 c:/program files (x86)/atmel/studio/7.0/toolchain/avr8/avr8-gnu-toolchain/bin/../lib/gcc/avr/5.4.0/../../../../avr/lib/avr6\libm.a(fp_mintl.o)
                0x00008174                __fp_mintl
 .text.avr-libc.fplib
                0x000081aa       0x1c c:/program files (x86)/atmel/studio/7.0/toolchain/avr8/avr8-gnu-toolchain/bin/../lib/gcc/avr/5.4.0/../../../../avr/lib/avr6\libm.a(fp_mpack.o)
                0x000081aa                __fp_mpack
                0x000081ae                __fp_mpack_finite
 .text.avr-libc.fplib
                0x000081c6        0x6 c:/program files (x86)/atmel/studio/7.0/toolchain/avr8/avr8-gnu-toolchain/bin/../lib/gcc/avr/5.4.0/../../../../avr/lib/avr6\libm.a(fp_nan.o)
                0x000081c6                __fp_nan
 .text.avr-libc.fplib
                0x000081cc       0x4a c:/program files (x86)/atmel/studio/7.0/toolchain/avr8/avr8-gnu-toolchain/bin/../lib/gcc/avr/5.4.0/../../../../avr/lib/avr6\libm.a(fp_powser.o)
                0x000081cc                __fp_powser
 .text.avr-libc.fplib
                0x00008216        0xe c:/program files (x86)/atmel/studio/7.0/toolchain/avr8/avr8-gnu-toolchain/bin/../lib/gcc/avr/5.4.0/../../../../avr/lib/avr6\libm.a(fp_pscA.o)
                0x00008216                __fp_pscA
 .text.avr-libc.fplib
                0x00008224        0xe c:/program files (x86)/atmel/studio/7.0/toolchain/avr8/avr8-gnu-toolchain/bin/../lib/gcc/avr/5.4.0/../../../../avr/lib/avr6\libm.a(fp_pscB.o)
                0x00008224                __fp_pscB
 .text.avr-libc.fplib
                0x00008232       0x50 c:/program files (x86)/atmel/studio/7.0/toolchain/avr8/avr8-gnu-toolchain/bin/../lib/gcc/avr/5.4.0/../../../../avr/lib/avr6\libm.a(fp_rempio2.o)
                0x00008234                __fp_rempio2
 .text.avr-libc.fplib
                0x00008282       0x22 c:/program files (x86)/atmel/studio/7.0/toolchain/avr8/avr8-gnu-toolchain/bin/../lib/gcc/avr/5.4.0/../../../../avr/lib/avr6\libm.a(fp_round.o)
                0x00008282                __fp_round
 .text.avr-libc.fplib
                0x000082a4       0x22 c:/program files (x86)/atmel/studio/7.0/toolchain/avr8/avr8-gnu-toolchain/bin/../lib/gcc/avr/5.4.0/../../../../avr/lib/avr6\libm.a(fp_sinus.o)
                0x000082a4                __fp_sinus
 .text.avr-libc.fplib
                0x000082c6       0x44 c:/program files (x86)/atmel/studio/7.0/toolchain/avr8/avr8-gnu-toolchain/bin/../lib/gcc/avr/5.4.0/../../../../avr/lib/avr6\libm.a(fp_split3.o)
                0x000082c6                __fp_split3
                0x000082d6                __fp_splitA
 .text.avr-libc.fplib
                0x0000830a       0x2e c:/program files (x86)/atmel/studio/7.0/toolchain/avr8/avr8-gnu-toolchain/bin/../lib/gcc/avr/5.4.0/../../../../avr/lib/avr6\libm.a(fp_trunc.o)
                0x0000830a                __fp_trunc
 .text.avr-libc.fplib
                0x00008338        0xe c:/program files (x86)/atmel/studio/7.0/toolchain/avr8/avr8-gnu-toolchain/bin/../lib/gcc/avr/5.4.0/../../../../avr/lib/avr6\libm.a(fp_zero.o)
                0x00008338                __fp_zero
                0x0000833a                __fp_szero
 .text.avr-libc.fplib
                0x00008346        0x8 c:/program files (x86)/atmel/studio/7.0/toolchain/avr8/avr8-gnu-toolchain/bin/../lib/gcc/avr/5.4.0/../../../../avr/lib/avr6\libm.a(gesf2.o)
                0x00008346                __gesf2
                0x00008346                __gtsf2
 .text.avr-libc.fplib
                0x0000834e        0xe c:/program files (x86)/atmel/studio/7.0/toolchain/avr8/avr8-gnu-toolchain/bin/../lib/gcc/avr/5.4.0/../../../../avr/lib/avr6\libm.a(inverse.o)
                0x0000834e                inverse
 .text.avr-libc.fplib
                0x0000835c       0x60 c:/program files (x86)/atmel/studio/7.0/toolchain/avr8/avr8-gnu-toolchain/bin/../lib/gcc/avr/5.4.0/../../../../avr/lib/avr6\libm.a(lround.o)
                0x0000835c                lround
 .text.avr-libc.fplib
                0x000083bc        0x4 c:/program files (x86)/atmel/studio/7.0/toolchain/avr8/avr8-gnu-toolchain/bin/../lib/gcc/avr/5.4.0/../../../../avr/lib/avr6\libm.a(mulsf3.o)
                0x000083bc                __mulsf3
 .text.avr-libc.fplib
                0x000083c0       0xc2 c:/program files (x86)/atmel/studio/7.0/toolchain/avr8/avr8-gnu-toolchain/bin/../lib/gcc/avr/5.4.0/../../../../avr/lib/avr6\libm.a(mulsf3x.o)
                0x000083d4                __mulsf3x
                0x000083d8                __mulsf3_pse
 .text.avr-libc.fplib
                0x00008482       0x40 c:/program files (x86)/atmel/studio/7.0/toolchain/avr8/avr8-gnu-toolchain/bin/../lib/gcc/avr/5.4.0/../../../../avr/lib/avr6\libm.a(round.o)
                0x00008482                round
 .text.avr-libc.fplib
                0x000084c2        0xc c:/program files (x86)/atmel/studio/7.0/toolchain/avr8/avr8-gnu-toolchain/bin/../lib/gcc/avr/5.4.0/../../../../avr/lib/avr6\libm.a(sin.o)
                0x000084c2                sin
 .text.avr-libc.fplib
                0x000084ce       0x84 c:/program files (x86)/atmel/studio/7.0/toolchain/avr8/avr8-gnu-toolchain/bin/../lib/gcc/avr/5.4.0/../../../../avr/lib/avr6\libm.a(sqrt.o)
                0x000084d6                sqrtf
                0x000084d6                sqrt
 .text.avr-libc.fplib
                0x00008552        0x6 c:/program files (x86)/atmel/studio/7.0/toolchain/avr8/avr8-gnu-toolchain/bin/../lib/gcc/avr/5.4.0/../../../../avr/lib/avr6\libm.a(square.o)
                0x00008552                square
 .text.avr-libc.fplib
                0x00008558        0xe c:/program files (x86)/atmel/studio/7.0/toolchain/avr8/avr8-gnu-toolchain/bin/../lib/gcc/avr/5.4.0/../../../../avr/lib/avr6\libm.a(trunc.o)
                0x00008558                trunc
 .text.avr-libc.fplib
                0x00008566        0xe c:/program files (x86)/atmel/studio/7.0/toolchain/avr8/avr8-gnu-toolchain/bin/../lib/gcc/avr/5.4.0/../../../../avr/lib/avr6\libm.a(fp_norm2.o)
                0x00008566                __fp_norm2
 .text.avr-libc.fplib
                0x00008574       0x22 c:/program files (x86)/atmel/studio/7.0/toolchain/avr8/avr8-gnu-toolchain/bin/../lib/gcc/avr/5.4.0/../../../../avr/lib/avr6\libm.a(fp_powsodd.o)
                0x00008574                __fp_powsodd
 .text.libgcc.div
                0x00008596       0x44 c:/program files (x86)/atmel/studio/7.0/toolchain/avr8/avr8-gnu-toolchain/bin/../lib/gcc/avr/5.4.0/avr6\libgcc.a(_udivmodsi4.o)
                0x00008596                __udivmodsi4
 .text.libgcc   0x000085da       0x10 c:/program files (x86)/atmel/studio/7.0/toolchain/avr8/avr8-gnu-toolchain/bin/../lib/gcc/avr/5.4.0/avr6\libgcc.a(_tablejump2.o)
                0x000085da                __tablejump2__
 .text.libgcc.mul
                0x000085ea       0x1e c:/program files (x86)/atmel/studio/7.0/toolchain/avr8/avr8-gnu-toolchain/bin/../lib/gcc/avr/5.4.0/avr6\libgcc.a(_umulhisi3.o)
                0x000085ea                __umulhisi3
 .text.avr-libc
                0x00008608       0x1a c:/program files (x86)/atmel/studio/7.0/toolchain/avr8/avr8-gnu-toolchain/bin/../lib/gcc/avr/5.4.0/../../../../avr/lib/avr6\libc.a(memcmp.o)
                0x00008608                memcmp
                0x00008622                . = ALIGN (0x2)
 *(.fini9)
 .fini9         0x00008622        0x0 c:/program files (x86)/atmel/studio/7.0/toolchain/avr8/avr8-gnu-toolchain/bin/../lib/gcc/avr/5.4.0/avr6\libgcc.a(_exit.o)
                0x00008622                _exit
                0x00008622                exit
 *(.fini9)
 *(.fini8)
 *(.fini8)
 *(.fini7)
 *(.fini7)
 *(.fini6)
 *(.fini6)
 *(.fini5)
 *(.fini5)
 *(.fini4)
 *(.fini4)
 *(.fini3)
 *(.fini3)
 *(.fini2)
 *(.fini2)
 *(.fini1)
 *(.fini1)
 *(.fini0)
 .fini0         0x00008622        0x4 c:/program files (x86)/atmel/studio/7.0/toolchain/avr8/avr8-gnu-toolchain/bin/../lib/gcc/avr/5.4.0/avr6\libgcc.a(_exit.o)
 *(.fini0)
                0x00008626                _etext = .

.data           0x00800200        0x0 load address 0x00008626
                [!provide]                PROVIDE (__data_start, .)
 *(.data)
 *(.data*)
 *(.gnu.linkonce.d*)
 *(.rodata)
 *(.rodata*)
 *(.gnu.linkonce.r*)
                0x00800200                . = ALIGN (0x2)
                0x00800200                _edata = .
                [!provide]                PROVIDE (__data_end, .)

.bss            0x00800200      0xd27
                0x00800200                PROVIDE (__bss_start, .)
 *(.bss)
 *(.bss*)
 .bss.pwm_gradient
                0x00800200        0x4 grbl/spindle_control.o
 .bss.serial_tx_buffer_tail
                0x00800204        0x1 grbl/serial.o
                0x00800204                serial_tx_buffer_tail
 .bss.serial_tx_buffer_head
                0x00800205        0x1 grbl/serial.o
                0x00800205                serial_tx_buffer_head
 .bss.serial_rx_buffer_tail
                0x00800206        0x1 grbl/serial.o
                0x00800206                serial_rx_buffer_tail
 .bss.serial_rx_buffer_head
                0x00800207        0x1 grbl/serial.o
                0x00800207                serial_rx_buffer_head
 .bss.line      0x00800208      0x100 grbl/protocol.o
 .bss.prep      0x00800308       0x31 grbl/stepper.o
 .bss.st_prep_block
                0x00800339        0x2 grbl/stepper.o
 .bss.pl_block  0x0080033b        0x2 grbl/stepper.o
 .bss.busy      0x0080033d        0x1 grbl/stepper.o
 .bss.dir_port_invert_mask
                0x0080033e        0x1 grbl/stepper.o
 .bss.step_port_invert_mask
                0x0080033f        0x1 grbl/stepper.o
 .bss.segment_next_head
                0x00800340        0x1 grbl/stepper.o
 .bss.segment_buffer_head
                0x00800341        0x1 grbl/stepper.o
 .bss.segment_buffer_tail
                0x00800342        0x1 grbl/stepper.o
 .bss.st        0x00800343       0x23 grbl/stepper.o
 .bss.segment_buffer
                0x00800366       0x50 grbl/stepper.o
 .bss.st_block_buffer
                0x008003b6       0xa2 grbl/stepper.o
 .bss.pl        0x00800458       0x1c grbl/planner.o
 .bss.block_buffer_planned
                0x00800474        0x1 grbl/planner.o
 .bss.next_buffer_head
                0x00800475        0x1 grbl/planner.o
 .bss.block_buffer_head
                0x00800476        0x1 grbl/planner.o
 .bss.block_buffer_tail
                0x00800477        0x1 grbl/planner.o
 .bss.block_buffer
                0x00800478      0x798 grbl/planner.o
 *(COMMON)
 COMMON         0x00800c10        0x4 grbl/timekeeper.o
                0x00800c10                overflows
 COMMON         0x00800c14       0x42 grbl/main.o
                0x00800c14                sys_sync_state
                0x00800c15                sys_synchronization_pulse_count
                0x00800c19                sys_rt_exec_motion_override
                0x00800c1a                sys_sync_time_passed
                0x00800c1e                sys
                0x00800c30                sys_rt_exec_accessory_override
                0x00800c31                sys_rt_exec_state
                0x00800c32                sys_probe_state
                0x00800c33                sys_sync_Last_time
                0x00800c37                sys_probe_position
                0x00800c43                sys_position
                0x00800c4f                sys_sync_time
                0x00800c53                sys_rt_exec_alarm
                0x00800c54                sys_rt_exec_debug
                0x00800c55                sys_index_pulse_count
 COMMON         0x00800c56       0x7a grbl/gcode.o
                0x00800c56                gc_state
                0x00800c96                gc_block
 COMMON         0x00800cd0      0x200 grbl/serial.o
                0x00800cd0                serial_tx_buffer
                0x00800dd0                serial_rx_buffer
 COMMON         0x00800ed0       0x55 grbl/settings.o
                0x00800ed0                settings
 COMMON         0x00800f25        0x1 grbl/probe.o
                0x00800f25                probe_invert_mask
 COMMON         0x00800f26        0x1 grbl/sleep.o
                0x00800f26                sleep_counter
                0x00800f27                PROVIDE (__bss_end, .)
                0x00008626                __data_load_start = LOADADDR (.data)
                0x00008626                __data_load_end = (__data_load_start + SIZEOF (.data))

.noinit         0x00800f27        0x0
                [!provide]                PROVIDE (__noinit_start, .)
 *(.noinit*)
                [!provide]                PROVIDE (__noinit_end, .)
                0x00800f27                _end = .
                [!provide]                PROVIDE (__heap_start, .)

.eeprom         0x00810000        0x0
 *(.eeprom*)
                0x00810000                __eeprom_end = .

.fuse
 *(.fuse)
 *(.lfuse)
 *(.hfuse)
 *(.efuse)

.lock
 *(.lock*)

.signature
 *(.signature*)

.user_signatures
 *(.user_signatures*)

.stab
 *(.stab)

.stabstr
 *(.stabstr)

.stab.excl
 *(.stab.excl)

.stab.exclstr
 *(.stab.exclstr)

.stab.index
 *(.stab.index)

.stab.indexstr
 *(.stab.indexstr)

.comment        0x00000000       0x30
 *(.comment)
 .comment       0x00000000       0x30 grbl/timekeeper.o
                                 0x31 (size before relaxing)
 .comment       0x00000030       0x31 grbl/main.o
 .comment       0x00000030       0x31 grbl/motion_control.o
 .comment       0x00000030       0x31 grbl/gcode.o
 .comment       0x00000030       0x31 grbl/spindle_control.o
 .comment       0x00000030       0x31 grbl/coolant_control.o
 .comment       0x00000030       0x31 grbl/serial.o
 .comment       0x00000030       0x31 grbl/protocol.o
 .comment       0x00000030       0x31 grbl/stepper.o
 .comment       0x00000030       0x31 grbl/eeprom.o
 .comment       0x00000030       0x31 grbl/settings.o
 .comment       0x00000030       0x31 grbl/planner.o
 .comment       0x00000030       0x31 grbl/nuts_bolts.o
 .comment       0x00000030       0x31 grbl/limits.o
 .comment       0x00000030       0x31 grbl/print.o
 .comment       0x00000030       0x31 grbl/probe.o
 .comment       0x00000030       0x31 grbl/report.o
 .comment       0x00000030       0x31 grbl/system.o
 .comment       0x00000030       0x31 grbl/sleep.o
 .comment       0x00000030       0x31 grbl/jog.o

.note.gnu.avr.deviceinfo
                0x00000000       0x40
 .note.gnu.avr.deviceinfo
                0x00000000       0x40 C:/Program Files (x86)/Atmel/Studio/7.0/Packs/atmel/ATmega_DFP/1.2.150/gcc/dev/atmega2560/avr6/crtatmega2560.o

.note.gnu.build-id
 *(.note.gnu.build-id)

.debug
 *(.debug)

.line
 *(.line)

.debug_srcinfo
 *(.debug_srcinfo)

.debug_sfnames
 *(.debug_sfnames)

.debug_aranges  0x00000000      0x6d0
 *(.debug_aranges)
 .debug_aranges
                0x00000000       0x48 grbl/timekeeper.o
 .debug_aranges
                0x00000048       0x20 grbl/main.o
 .debug_aranges
                0x00000068       0x48 grbl/motion_control.o
 .debug_aranges
                0x000000b0       0x30 grbl/gcode.o
 .debug_aranges
                0x000000e0       0x50 grbl/spindle_control.o
 .debug_aranges
                0x00000130       0x40 grbl/coolant_control.o
 .debug_aranges
                0x00000170       0x60 grbl/serial.o
 .debug_aranges
                0x000001d0       0x40 grbl/protocol.o
 .debug_aranges
                0x00000210       0x68 grbl/stepper.o
 .debug_aranges
                0x00000278       0x38 grbl/eeprom.o
 .debug_aranges
                0x000002b0       0x88 grbl/settings.o
 .debug_aranges
                0x00000338       0x98 grbl/planner.o
 .debug_aranges
                0x000003d0       0x50 grbl/nuts_bolts.o
 .debug_aranges
                0x00000420       0x50 grbl/limits.o
 .debug_aranges
                0x00000470       0x60 grbl/print.o
 .debug_aranges
                0x000004d0       0x38 grbl/probe.o
 .debug_aranges
                0x00000508       0xc8 grbl/report.o
 .debug_aranges
                0x000005d0       0xa8 grbl/system.o
 .debug_aranges
                0x00000678       0x38 grbl/sleep.o
 .debug_aranges
                0x000006b0       0x20 grbl/jog.o

.debug_pubnames
 *(.debug_pubnames)

.debug_info     0x00000000     0xb082
 *(.debug_info .gnu.linkonce.wi.*)
 .debug_info    0x00000000      0xbbc C:/Program Files (x86)/Atmel/Studio/7.0/Packs/atmel/ATmega_DFP/1.2.150/gcc/dev/atmega2560/avr6/crtatmega2560.o
 .debug_info    0x00000bbc      0x18f grbl/timekeeper.o
 .debug_info    0x00000d4b      0x45d grbl/main.o
 .debug_info    0x000011a8      0xa78 grbl/motion_control.o
 .debug_info    0x00001c20      0xdc0 grbl/gcode.o
 .debug_info    0x000029e0      0x458 grbl/spindle_control.o
 .debug_info    0x00002e38      0x24d grbl/coolant_control.o
 .debug_info    0x00003085      0x59f grbl/serial.o
 .debug_info    0x00003624      0xda9 grbl/protocol.o
 .debug_info    0x000043cd      0xc03 grbl/stepper.o
 .debug_info    0x00004fd0      0x227 grbl/eeprom.o
 .debug_info    0x000051f7      0x97f grbl/settings.o
 .debug_info    0x00005b76      0xb79 grbl/planner.o
 .debug_info    0x000066ef      0x636 grbl/nuts_bolts.o
 .debug_info    0x00006d25      0x7f0 grbl/limits.o
 .debug_info    0x00007515      0x5bc grbl/print.o
 .debug_info    0x00007ad1      0x2b6 grbl/probe.o
 .debug_info    0x00007d87     0x1df3 grbl/report.o
 .debug_info    0x00009b7a      0xb73 grbl/system.o
 .debug_info    0x0000a6ed      0x438 grbl/sleep.o
 .debug_info    0x0000ab25      0x55d grbl/jog.o

.debug_abbrev   0x00000000     0x2c8c
 *(.debug_abbrev)
 .debug_abbrev  0x00000000      0xb1a C:/Program Files (x86)/Atmel/Studio/7.0/Packs/atmel/ATmega_DFP/1.2.150/gcc/dev/atmega2560/avr6/crtatmega2560.o
 .debug_abbrev  0x00000b1a       0xfe grbl/timekeeper.o
 .debug_abbrev  0x00000c18       0xe6 grbl/main.o
 .debug_abbrev  0x00000cfe      0x1cb grbl/motion_control.o
 .debug_abbrev  0x00000ec9      0x1a7 grbl/gcode.o
 .debug_abbrev  0x00001070      0x18f grbl/spindle_control.o
 .debug_abbrev  0x000011ff      0x134 grbl/coolant_control.o
 .debug_abbrev  0x00001333      0x1ae grbl/serial.o
 .debug_abbrev  0x000014e1      0x199 grbl/protocol.o
 .debug_abbrev  0x0000167a      0x23f grbl/stepper.o
 .debug_abbrev  0x000018b9       0xfd grbl/eeprom.o
 .debug_abbrev  0x000019b6      0x21b grbl/settings.o
 .debug_abbrev  0x00001bd1      0x2db grbl/planner.o
 .debug_abbrev  0x00001eac      0x1c4 grbl/nuts_bolts.o
 .debug_abbrev  0x00002070      0x217 grbl/limits.o
 .debug_abbrev  0x00002287      0x17f grbl/print.o
 .debug_abbrev  0x00002406      0x10b grbl/probe.o
 .debug_abbrev  0x00002511      0x2be grbl/report.o
 .debug_abbrev  0x000027cf      0x268 grbl/system.o
 .debug_abbrev  0x00002a37      0x153 grbl/sleep.o
 .debug_abbrev  0x00002b8a      0x102 grbl/jog.o

.debug_line     0x00000000     0x63a8
 *(.debug_line .debug_line.* .debug_line_end)
 .debug_line    0x00000000      0x1f9 C:/Program Files (x86)/Atmel/Studio/7.0/Packs/atmel/ATmega_DFP/1.2.150/gcc/dev/atmega2560/avr6/crtatmega2560.o
 .debug_line    0x000001f9      0x152 grbl/timekeeper.o
 .debug_line    0x0000034b      0x2b9 grbl/main.o
 .debug_line    0x00000604      0x495 grbl/motion_control.o
 .debug_line    0x00000a99      0xdad grbl/gcode.o
 .debug_line    0x00001846      0x279 grbl/spindle_control.o
 .debug_line    0x00001abf      0x18f grbl/coolant_control.o
 .debug_line    0x00001c4e      0x30e grbl/serial.o
 .debug_line    0x00001f5c      0x9f1 grbl/protocol.o
 .debug_line    0x0000294d      0x938 grbl/stepper.o
 .debug_line    0x00003285      0x22d grbl/eeprom.o
 .debug_line    0x000034b2      0x5c6 grbl/settings.o
 .debug_line    0x00003a78      0x662 grbl/planner.o
 .debug_line    0x000040da      0x3f6 grbl/nuts_bolts.o
 .debug_line    0x000044d0      0x4d6 grbl/limits.o
 .debug_line    0x000049a6      0x360 grbl/print.o
 .debug_line    0x00004d06      0x142 grbl/probe.o
 .debug_line    0x00004e48      0xaa9 grbl/report.o
 .debug_line    0x000058f1      0x7b0 grbl/system.o
 .debug_line    0x000060a1      0x1c3 grbl/sleep.o
 .debug_line    0x00006264      0x144 grbl/jog.o

.debug_frame    0x00000000     0x16a4
 *(.debug_frame)
 .debug_frame   0x00000000       0xa8 grbl/timekeeper.o
 .debug_frame   0x000000a8       0x24 grbl/main.o
 .debug_frame   0x000000cc      0x134 grbl/motion_control.o
 .debug_frame   0x00000200       0xa4 grbl/gcode.o
 .debug_frame   0x000002a4       0xdc grbl/spindle_control.o
 .debug_frame   0x00000380       0x6c grbl/coolant_control.o
 .debug_frame   0x000003ec      0x10c grbl/serial.o
 .debug_frame   0x000004f8       0xe4 grbl/protocol.o
 .debug_frame   0x000005dc      0x1b0 grbl/stepper.o
 .debug_frame   0x0000078c       0xcc grbl/eeprom.o
 .debug_frame   0x00000858      0x17c grbl/settings.o
 .debug_frame   0x000009d4      0x250 grbl/planner.o
 .debug_frame   0x00000c24      0x1bc grbl/nuts_bolts.o
 .debug_frame   0x00000de0      0x174 grbl/limits.o
 .debug_frame   0x00000f54      0x17c grbl/print.o
 .debug_frame   0x000010d0       0x54 grbl/probe.o
 .debug_frame   0x00001124      0x2c4 grbl/report.o
 .debug_frame   0x000013e8      0x218 grbl/system.o
 .debug_frame   0x00001600       0x6c grbl/sleep.o
 .debug_frame   0x0000166c       0x38 grbl/jog.o

.debug_str      0x00000000     0x21e1
 *(.debug_str)
 .debug_str     0x00000000      0x3e6 C:/Program Files (x86)/Atmel/Studio/7.0/Packs/atmel/ATmega_DFP/1.2.150/gcc/dev/atmega2560/avr6/crtatmega2560.o
 .debug_str     0x000003e6      0x1e3 grbl/timekeeper.o
                                0x223 (size before relaxing)
 .debug_str     0x000005c9      0x2db grbl/main.o
                                0x49b (size before relaxing)
 .debug_str     0x000008a4      0x3cb grbl/motion_control.o
                                0x737 (size before relaxing)
 .debug_str     0x00000c6f      0x2af grbl/gcode.o
                                0x795 (size before relaxing)
 .debug_str     0x00000f1e       0x65 grbl/spindle_control.o
                                0x459 (size before relaxing)
 .debug_str     0x00000f83       0x3a grbl/coolant_control.o
                                0x2e7 (size before relaxing)
 .debug_str     0x00000fbd      0x17b grbl/serial.o
                                0x45d (size before relaxing)
 .debug_str     0x00001138      0x302 grbl/protocol.o
                                0xa2a (size before relaxing)
 .debug_str     0x0000143a      0x43c grbl/stepper.o
                                0x9e5 (size before relaxing)
 .debug_str     0x00001876       0xac grbl/eeprom.o
                                0x22f (size before relaxing)
 .debug_str     0x00001922      0x138 grbl/settings.o
                                0x595 (size before relaxing)
 .debug_str     0x00001a5a      0x211 grbl/planner.o
                                0x829 (size before relaxing)
 .debug_str     0x00001c6b       0xb5 grbl/nuts_bolts.o
                                0x41c (size before relaxing)
 .debug_str     0x00001d20       0x9e grbl/limits.o
                                0x627 (size before relaxing)
 .debug_str     0x00001dbe       0xef grbl/print.o
                                0x3b7 (size before relaxing)
 .debug_str     0x00001ead       0x22 grbl/probe.o
                                0x372 (size before relaxing)
 .debug_str     0x00001ecf      0x242 grbl/report.o
                                0xa39 (size before relaxing)
 .debug_str     0x00002111       0x58 grbl/system.o
                                0x830 (size before relaxing)
 .debug_str     0x00002169       0x6a grbl/sleep.o
                                0x42c (size before relaxing)
 .debug_str     0x000021d3        0xe grbl/jog.o
                                0x4ee (size before relaxing)

.debug_loc      0x00000000     0x70b7
 *(.debug_loc)
 .debug_loc     0x00000000       0xd8 grbl/timekeeper.o
 .debug_loc     0x000000d8       0x13 grbl/main.o
 .debug_loc     0x000000eb      0x919 grbl/motion_control.o
 .debug_loc     0x00000a04      0xdcd grbl/gcode.o
 .debug_loc     0x000017d1      0x2cd grbl/spindle_control.o
 .debug_loc     0x00001a9e       0xa7 grbl/coolant_control.o
 .debug_loc     0x00001b45      0x23d grbl/serial.o
 .debug_loc     0x00001d82      0x412 grbl/protocol.o
 .debug_loc     0x00002194      0xbc2 grbl/stepper.o
 .debug_loc     0x00002d56      0x480 grbl/eeprom.o
 .debug_loc     0x000031d6      0x901 grbl/settings.o
 .debug_loc     0x00003ad7      0x9f7 grbl/planner.o
 .debug_loc     0x000044ce      0xbb2 grbl/nuts_bolts.o
 .debug_loc     0x00005080      0x691 grbl/limits.o
 .debug_loc     0x00005711      0x839 grbl/print.o
 .debug_loc     0x00005f4a       0x21 grbl/probe.o
 .debug_loc     0x00005f6b      0x9ac grbl/report.o
 .debug_loc     0x00006917      0x651 grbl/system.o
 .debug_loc     0x00006f68       0x7c grbl/sleep.o
 .debug_loc     0x00006fe4       0xd3 grbl/jog.o

.debug_macinfo
 *(.debug_macinfo)

.debug_weaknames
 *(.debug_weaknames)

.debug_funcnames
 *(.debug_funcnames)

.debug_typenames
 *(.debug_typenames)

.debug_varnames
 *(.debug_varnames)

.debug_pubtypes
 *(.debug_pubtypes)

.debug_ranges   0x00000000      0x6d8
 *(.debug_ranges)
 .debug_ranges  0x00000000       0x38 grbl/timekeeper.o
 .debug_ranges  0x00000038       0x10 grbl/main.o
 .debug_ranges  0x00000048       0x38 grbl/motion_control.o
 .debug_ranges  0x00000080       0x80 grbl/gcode.o
 .debug_ranges  0x00000100       0x40 grbl/spindle_control.o
 .debug_ranges  0x00000140       0x30 grbl/coolant_control.o
 .debug_ranges  0x00000170       0x50 grbl/serial.o
 .debug_ranges  0x000001c0       0x48 grbl/protocol.o
 .debug_ranges  0x00000208       0xa8 grbl/stepper.o
 .debug_ranges  0x000002b0       0x28 grbl/eeprom.o
 .debug_ranges  0x000002d8       0xb0 grbl/settings.o
 .debug_ranges  0x00000388       0x88 grbl/planner.o
 .debug_ranges  0x00000410       0x40 grbl/nuts_bolts.o
 .debug_ranges  0x00000450       0x58 grbl/limits.o
 .debug_ranges  0x000004a8       0x68 grbl/print.o
 .debug_ranges  0x00000510       0x28 grbl/probe.o
 .debug_ranges  0x00000538       0xd0 grbl/report.o
 .debug_ranges  0x00000608       0x98 grbl/system.o
 .debug_ranges  0x000006a0       0x28 grbl/sleep.o
 .debug_ranges  0x000006c8       0x10 grbl/jog.o

.debug_macro
 *(.debug_macro)
OUTPUT(GRBL-L-Mega.elf elf32-avr)
LOAD linker stubs
